// Jest Snapshot v1, https://goo.gl/fbAQLP

exports[`<Wallet /> Connected wallet Render wallet connected 1`] = `"<div class=\\"dcl page Wallet\\"><div class=\\"ui container\\"><div class=\\"dcl center\\"><div class=\\"ui card\\"><div class=\\"ui header\\">Wallet</div><p><strong>Address:</strong>&nbsp;0x123...x123</p><p><strong>Balance:</strong>&nbsp;100 DUMMY <a href=\\"/transfer\\">Transfer</a></p></div></div></div></div><div class=\\"ui container dcl footer\\"><div class=\\"main-footer\\"><div role=\\"listbox\\" aria-expanded=\\"false\\" class=\\"ui upward dropdown dcl language-dropdown\\" tabindex=\\"0\\"><div aria-atomic=\\"true\\" aria-live=\\"polite\\" role=\\"alert\\" class=\\"divider text\\"><div class=\\"dcl language-icon-wrapper\\"><i class=\\"dcl language-icon en\\"></i><div class=\\"language-icon-label\\">English</div></div></div><i aria-hidden=\\"true\\" class=\\"dropdown icon\\"></i><div class=\\"right menu transition\\"><div style=\\"pointer-events: all;\\" role=\\"option\\" aria-checked=\\"true\\" aria-selected=\\"true\\" class=\\"active selected item\\"><div class=\\"dcl language-icon-wrapper\\"><i class=\\"dcl language-icon en\\"></i><div class=\\"language-icon-label\\">English</div></div></div></div></div><div class=\\"links\\"><a href=\\"https://decentraland.org\\">Home</a><a href=\\"https://decentraland.org/privacy\\">Privacy Policy</a><a href=\\"https://decentraland.org/terms\\">Terms of Use</a><a href=\\"https://decentraland.org/content\\">Content Policy</a><a href=\\"https://decentraland.org/ethics\\">Code of Ethics</a></div></div><div class=\\"secondary-footer\\"><div class=\\"social-links\\"><a href=\\"https://dcl.gg/discord\\"><i class=\\"social-icon discord\\"></i></a><a href=\\"https://reddit.com/r/decentraland\\"><i class=\\"social-icon reddit\\"></i></a><a href=\\"https://github.com/decentraland\\"><i class=\\"social-icon github\\"></i></a><a href=\\"https://twitter.com/decentraland\\"><i class=\\"social-icon twitter\\"></i></a></div><div class=\\"copyright\\">© 2022 Decentraland</div></div></div>"`;

exports[`<Wallet /> Not connected wallet Render wallet not connected 1`] = `"<div class=\\"dcl page Wallet\\"><div class=\\"ui container\\"><div class=\\"dcl center\\"><button class=\\"ui primary button\\">Connect</button></div></div></div><div class=\\"ui container dcl footer\\"><div class=\\"main-footer\\"><div role=\\"listbox\\" aria-expanded=\\"false\\" class=\\"ui upward dropdown dcl language-dropdown\\" tabindex=\\"0\\"><div aria-atomic=\\"true\\" aria-live=\\"polite\\" role=\\"alert\\" class=\\"divider text\\"><div class=\\"dcl language-icon-wrapper\\"><i class=\\"dcl language-icon en\\"></i><div class=\\"language-icon-label\\">English</div></div></div><i aria-hidden=\\"true\\" class=\\"dropdown icon\\"></i><div class=\\"right menu transition\\"><div style=\\"pointer-events: all;\\" role=\\"option\\" aria-checked=\\"true\\" aria-selected=\\"true\\" class=\\"active selected item\\"><div class=\\"dcl language-icon-wrapper\\"><i class=\\"dcl language-icon en\\"></i><div class=\\"language-icon-label\\">English</div></div></div></div></div><div class=\\"links\\"><a href=\\"https://decentraland.org\\">Home</a><a href=\\"https://decentraland.org/privacy\\">Privacy Policy</a><a href=\\"https://decentraland.org/terms\\">Terms of Use</a><a href=\\"https://decentraland.org/content\\">Content Policy</a><a href=\\"https://decentraland.org/ethics\\">Code of Ethics</a></div></div><div class=\\"secondary-footer\\"><div class=\\"social-links\\"><a href=\\"https://dcl.gg/discord\\"><i class=\\"social-icon discord\\"></i></a><a href=\\"https://reddit.com/r/decentraland\\"><i class=\\"social-icon reddit\\"></i></a><a href=\\"https://github.com/decentraland\\"><i class=\\"social-icon github\\"></i></a><a href=\\"https://twitter.com/decentraland\\"><i class=\\"social-icon twitter\\"></i></a></div><div class=\\"copyright\\">© 2022 Decentraland</div></div></div>"`;
